5.115.54.117 - - [22/Jan/2019:04:00:12 +0330] "GET /image/61867/productModel/200x200 HTTP/1.1" 200 5477 "https://www.zanbil.ir/m/browse/stove-and-oven/%D8%A7%D8%AC%D8%A7%D9%82-%DA%AF%D8%A7%D8%B2-%D9%85%D8%A8%D9%84%D9%87" "Mozilla/5.0 (Android 8.0.0; Mobile; rv:62.0) Gecko/62.0 Firefox/62.0" "-"
5.115.54.117 - - [22/Jan/2019:04:00:13 +0330] "GET /image/63783/productModel/200x200 HTTP/1.1" 200 7062 "https://www.zanbil.ir/m/browse/stove-and-oven/%D8%A7%D8%AC%D8%A7%D9%82-%DA%AF%D8%A7%D8%B2-%D9%85%D8%A8%D9%84%D9%87" "Mozilla/5.0 (Android 8.0.0; Mobile; rv:62.0) Gecko/62.0 Firefox/62.0" "-"
5.115.54.117 - - [22/Jan/2019:04:00:13 +0330] "GET /image/33616/productModel/200x200 HTTP/1.1" 200 8001 "https://www.zanbil.ir/m/browse/stove-and-oven/%D8%A7%D8%AC%D8%A7%D9%82-%DA%AF%D8%A7%D8%B2-%D9%85%D8%A8%D9%84%D9%87" "Mozilla/5.0 (Android 8.0.0; Mobile; rv:62.0) Gecko/62.0 Firefox/62.0" "-"
130.185.74.243 - - [22/Jan/2019:04:00:13 +0330] "GET /filter/stexists,p8391,b243?page=1 HTTP/1.1" 200 31019 "-" "Mozilla/5.0 (Windows NT 6.1; rv:42.0) Gecko/20100101 Firefox/42.0" "-"
31.56.96.51 - - [22/Jan/2019:04:00:14 +0330] "GET /settings/logo HTTP/1.1" 200 4120 "https://www.zanbil.ir/m/filter/p62%2Cb113?page=1" "Mozilla/5.0 (Linux; Android 6.0; ALE-L21 Build/HuaweiALE-L21) AppleWebKit/537.36 (KHTML, like Gecko) Chrome/66.0.3359.158 Mobile Safari/537.36" "-"
66.249.66.194 - - [22/Jan/2019:04:00:14 +0330] "GET /filter/b194 HTTP/1.1" 200 35513 "-" "Mozilla/5.0 (compatible; Googlebot/2.1; +http://www.google.com/bot.html)" "-"
130.185.74.243 - - [22/Jan/2019:04:00:14 +0330] "GET /filter/stexists,p8391,b242 HTTP/1.1" 200 31002 "-" "Mozilla/5.0 (Windows NT 6.1; rv:42.0) Gecko/20100101 Firefox/42.0" "-"
130.185.74.243 - - [22/Jan/2019:04:00:16 +0330] "GET /filter/stexists,p8391,b242?page=1 HTTP/1.1" 200 31018 "-" "Mozilla/5.0 (Windows NT 6.1; rv:42.0) Gecko/20100101 Firefox/42.0" "-"
66.111.54.249 - - [22/Jan/2019:04:00:16 +0330] "GET /image/5/productType/120x90 HTTP/1.1" 200 11487 "https://www.zanbil.ir/m/product/32790/63248/%DB%8C%D8%AE%DA%86%D8%A7%D9%84-%D9%81%D8%B1%DB%8C%D8%B2%D8%B1-%D9%81%D8%B1%DB%8C%D8%B2%D8%B1-%D9%87%D8%A7%DB%8C%D8%B3%D9%86%D8%B3-%D9%85%D8%AF%D9%84-RS-20WC4SA" "Mozilla/5.0 (Linux; Android 5.0; SM-G900H Build/LRX21T) AppleWebKit/537.36 (KHTML, like Gecko) Chrome/39.0.2171.93 Mobile Safari/537.36" "-"
66.111.54.249 - - [22/Jan/2019:04:00:16 +0330] "GET /image/7/productType/120x90 HTTP/1.1" 200 12590 "https://www.zanbil.ir/m/product/32790/63248/%DB%8C%D8%AE%DA%86%D8%A7%D9%84-%D9%81%D8%B1%DB%8C%D8%B2%D8%B1-%D9%81%D8%B1%DB%8C%D8%B2%D8%B1-%D9%87%D8%A7%DB%8C%D8%B3%D9%86%D8%B3-%D9%85%D8%AF%D9%84-RS-20WC4SA" "Mozilla/5.0 (Linux; Android 5.0; SM-G900H Build/LRX21T) AppleWebKit/537.36 (KHTML, like Gecko) Chrome/39.0.2171.93 Mobile Safari/537.36" "-"
130.185.74.243 - - [22/Jan/2019:04:00:17 +0330] "GET /filter/stexists,p8391,b242?page=2 HTTP/1.1" 200 31018 "-" "Mozilla/5.0 (Windows NT 6.1; rv:42.0) Gecko/20100101 Firefox/42.0" "-"
54.36.148.125 - - [22/Jan/2019:04:00:17 +0330] "GET /filter/p48%2Cv1%7C%D9%82%D9%87%D9%88%D9%87%20%D8%A7%DB%8C%20%D9%85%D8%B4%DA%A9%DB%8C%2Cv1%7C%D9%85%D8%B4%DA%A9%DB%8C%20%D9%86%D9%82%D8%B1%D9%87%20%D8%A7%DB%8C?o=v1 HTTP/1.1" 302 0 "-" "Mozilla/5.0 (compatible; AhrefsBot/6.1; +http://ahrefs.com/robot/)" "-"
130.185.74.243 - - [22/Jan/2019:04:00:18 +0330] "GET /filter/stexists,p8391,b242?page=3 HTTP/1.1" 200 30001 "-" "Mozilla/5.0 (Windows NT 6.1; rv:42.0) Gecko/20100101 Firefox/42.0" "-"
66.111.54.249 - - [22/Jan/2019:04:00:18 +0330] "GET /image/4/productType/120x90 HTTP/1.1" 200 10857 "https://www.zanbil.ir/m/product/32790/63248/%DB%8C%D8%AE%DA%86%D8%A7%D9%84-%D9%81%D8%B1%DB%8C%D8%B2%D8%B1-%D9%81%D8%B1%DB%8C%D8%B2%D8%B1-%D9%87%D8%A7%DB%8C%D8%B3%D9%86%D8%B3-%D9%85%D8%AF%D9%84-RS-20WC4SA" "Mozilla/5.0 (Linux; Android 5.0; SM-G900H Build/LRX21T) AppleWebKit/537.36 (KHTML, like Gecko) Chrome/39.0.2171.93 Mobile Safari/537.36" "-"
66.111.54.249 - - [22/Jan/2019:04:00:18 +0330] "GET /image/6/productType/120x90 HTTP/1.1" 200 9916 "https://www.zanbil.ir/m/product/32790/63248/%DB%8C%D8%AE%DA%86%D8%A7%D9%84-%D9%81%D8%B1%DB%8C%D8%B2%D8%B1-%D9%81%D8%B1%DB%8C%D8%B2%D8%B1-%D9%87%D8%A7%DB%8C%D8%B3%D9%86%D8%B3-%D9%85%D8%AF%D9%84-RS-20WC4SA" "Mozilla/5.0 (Linux; Android 5.0; SM-G900H Build/LRX21T) AppleWebKit/537.36 (KHTML, like Gecko) Chrome/39.0.2171.93 Mobile Safari/537.36" "-"
66.249.66.194 - - [22/Jan/2019:04:00:19 +0330] "GET /product/32838/%DB%8C%D8%AE%DA%86%D8%A7%D9%84-%D9%81%D8%B1%DB%8C%D8%B2%D8%B1-%D8%B3%D8%A7%DB%8C%D8%AF-%D8%A8%D8%A7%DB%8C-%D8%B3%D8%A7%DB%8C%D8%AF-%D8%AF%D9%88%D9%88-%D9%85%D8%AF%D9%84-Daewoo-Side-by-Side-DES-3700 HTTP/1.1" 200 42075 "-" "Mozilla/5.0 (compatible; Googlebot/2.1; +http://www.google.com/bot.html)" "-"
5.126.60.10 - - [22/Jan/2019:04:00:19 +0330] "GET /image/33758?name=ls600-223.jpg&wh=200x200 HTTP/1.1" 200 4435 "-" "Dalvik/2.1.0 (Linux; U; Android 8.0.0; SM-A920F Build/R16NW)" "-"
207.46.13.104 - - [22/Jan/2019:04:00:19 +0330] "GET /filter?f=p2%2Cb146%2Cb2 HTTP/1.1" 200 35370 "-" "Mozilla/5.0 (compatible; bingbot/2.0; +http://www.bing.com/bingbot.htm)" "-"
130.185.74.243 - - [22/Jan/2019:04:00:19 +0330] "GET /filter/stexists,p8391,b242?page=4 HTTP/1.1" 200 30001 "-" "Mozilla/5.0 (Windows NT 6.1; rv:42.0) Gecko/20100101 Firefox/42.0" "-"
66.249.66.194 - - [22/Jan/2019:04:00:19 +0330] "GET /m/filter/b113,b135,b151,b183,b2,b213,b224,b226,b249,b32,b35,b36,b400,b41,b454,b481,b50,b570,b597,b647,b648,b656,b67,b703,b874,b880 HTTP/1.1" 200 25014 "-" "Mozilla/5.0 (Linux; Android 6.0.1; Nexus 5X Build/MMB29P) AppleWebKit/537.36 (KHTML, like Gecko) Chrome/41.0.2272.96 Mobile Safari/537.36 (compatible; Googlebot/2.1; +http://www.google.com/bot.html)" "-"
54.36.148.113 - - [22/Jan/2019:04:00:20 +0330] "GET /filter/6216%7C%D8%A8%D8%B2%D8%B1%DA%AF%D8%AA%D8%B1%20%D8%A7%D8%B2%2010%20%D8%A7%DB%8C%D9%86%DA%86%20%28%D8%A8%D8%B2%D8%B1%DA%AF%29%2Cp53%2Cstexists%2Cv1%7C%D8%A2%D8%A8%DB%8C%20%D8%AA%DB%8C%D8%B1%D9%87?o=v1 HTTP/1.1" 302 0 "-" "Mozilla/5.0 (compatible; AhrefsBot/6.1; +http://ahrefs.com/robot/)" "-"
130.185.74.243 - - [22/Jan/2019:04:00:20 +0330] "GET /filter/stexists,p8391,b242?page=5 HTTP/1.1" 200 29699 "-" "Mozilla/5.0 (Windows NT 6.1; rv:42.0) Gecko/20100101 Firefox/42.0" "-"
130.185.74.243 - - [22/Jan/2019:04:00:21 +0330] "GET /filter/stexists,p8391,b197 HTTP/1.1" 200 29978 "-" "Mozilla/5.0 (Windows NT 6.1; rv:42.0) Gecko/20100101 Firefox/42.0" "-"
34.247.132.53 - - [22/Jan/2019:04:00:21 +0330] "GET / HTTP/1.1" 200 29452 "-" "Mozilla/5.0 (Windows NT 10.0; Win64; x64) AppleWebKit/537.36 (KHTML, like Gecko) Chrome/63.0.3239.84 Safari/537.36" "-"
130.185.74.243 - - [22/Jan/2019:04:00:22 +0330] "GET /filter/stexists,p8391,b197?page=1 HTTP/1.1" 200 29994 "-" "Mozilla/5.0 (Windows NT 6.1; rv:42.0) Gecko/20100101 Firefox/42.0" "-"
5.211.97.39 - - [22/Jan/2019:04:00:22 +0330] "HEAD /amp_preconnect_polyfill_404_or_other_error_expected._Do_not_worry_about_it?1548117180000 HTTP/1.1" 404 0 "https://www.zanbil.ir/m/browse/electric-masher/%DA%AF%D9%88%D8%B4%D8%AA-%DA%A9%D9%88%D8%A8-%D8%A8%D8%B1%D9%82%DB%8C" "Mozilla/5.0 (iPhone; CPU iPhone OS 10_3_2 like Mac OS X) AppleWebKit/603.2.4 (KHTML, like Gecko) Version/10.0 Mobile/14F89 Safari/602.1" "-"
66.249.66.194 - - [22/Jan/2019:04:00:23 +0330] "GET /filter/b151,b261,p4,v1%7C%D8%A7%D8%B3%D8%AA%DB%8C%D9%84. HTTP/1.1" 200 33456 "-" "Mozilla/5.0 (compatible; Googlebot/2.1; +http://www.google.com/bot.html)" "-"
89.198.193.18 - - [22/Jan/2019:04:00:23 +0330] "GET /image/34004?name=ms93wcr.jpg&wh=200x200 HTTP/1.1" 200 5208 "-" "Dalvik/2.1.0 (Linux; U; Android 8.0.0; SM-A605FN Build/R16NW)" "-"
130.185.74.243 - - [22/Jan/2019:04:00:23 +0330] "GET /filter/stexists,p8391,b197?page=2 HTTP/1.1" 200 29995 "-" "Mozilla/5.0 (Windows NT 6.1; rv:42.0) Gecko/20100101 Firefox/42.0" "-"
130.185.74.243 - - [22/Jan/2019:04:00:24 +0330] "GET /filter/stexists,p8391,b197?page=3 HTTP/1.1" 200 29995 "-" "Mozilla/5.0 (Windows NT 6.1; rv:42.0) Gecko/20100101 Firefox/42.0" "-"
40.77.167.129 - - [22/Jan/2019:04:00:25 +0330] "GET /image/2517?name=9952-XD.jpg&wh=200x200 HTTP/1.1" 200 94646 "-" "Mozilla/5.0 (iPhone; CPU iPhone OS 7_0 like Mac OS X) AppleWebKit/537.51.1 (KHTML, like Gecko) Version/7.0 Mobile/11A465 Safari/9537.53 (compatible; bingbot/2.0; +http://www.bing.com/bingbot.htm)" "-"
130.185.74.243 - - [22/Jan/2019:04:00:25 +0330] "GET /filter/stexists,p8391,b197?page=4 HTTP/1.1" 200 29995 "-" "Mozilla/5.0 (Windows NT 6.1; rv:42.0) Gecko/20100101 Firefox/42.0" "-"
151.235.137.158 - - [22/Jan/2019:04:00:25 +0330] "GET /image/34290?name=galaxy-j2-core-1.jpg&wh=200x200 HTTP/1.1" 200 4328 "-" "Dalvik/2.1.0 (Linux; U; Android 5.1.1; SM-J500F Build/LMY48B)" "-"
130.185.74.243 - - [22/Jan/2019:04:00:26 +0330] "GET /filter/stexists,p8391,b197?page=5 HTTP/1.1" 200 29995 "-" "Mozilla/5.0 (Windows NT 6.1; rv:42.0) Gecko/20100101 Firefox/42.0" "-"
66.249.83.1 - - [22/Jan/2019:04:00:26 +0330] "GET /article/616/%D8%B9%D9%84%D8%AA-%D8%AE%D9%88%D8%A7%D8%A8-%D8%B1%D9%81%D8%AA%D9%86%D8%8C%DA%AF%D8%B2%DA%AF%D8%B2%D8%8C%D8%A8%DB%8C-%D8%AD%D8%B3%DB%8C-%D9%88-%D9%85%D9%88%D8%B1-%D9%85%D9%88%D8%B1-%D8%B4%D8%AF%D9%86-%D8%A7%D9%86%DA%AF%D8%B4%D8%AA%D8%A7%D9%86-%D8%AF%D8%B3%D8%AA-%D9%88-%D8%AF%D8%B1%D9%85%D8%A7%D9%86-%D8%A2%D9%86 HTTP/1.1" 200 30813 "-" "Mozilla/5.0 (X11; Linux x86_64) AppleWebKit/537.36 (KHTML, like Gecko) Chrome/49.0.2623.75 Safari/537.36 Google Favicon" "165.227.111.21"
5.116.222.247 - - [22/Jan/2019:04:00:27 +0330] "GET /image/1340?name=MX-J220P.jpg&wh=300x300 HTTP/1.1" 200 7963 "https://www.google.com/" "Mozilla/5.0 (Linux; Android 5.1.1; SM-J111F Build/LMY47V; wv) AppleWebKit/537.36 (KHTML, like Gecko) Version/4.0 Chrome/46.0.2490.76 Mobile Safari/537.36 GSA/8.59.7.21.arm64" "-"
130.185.74.243 - - [22/Jan/2019:04:00:27 +0330] "GET /filter/stexists,p8391,b244 HTTP/1.1" 200 29986 "-" "Mozilla/5.0 (Windows NT 6.1; rv:42.0) Gecko/20100101 Firefox/42.0" "-"
66.249.66.91 - - [22/Jan/2019:04:00:28 +0330] "GET /filter/b481%2Cb874%2Cb226%2Cb570%2Cb598%2Cstexists%2Cb880%2Cb270%2Cb883%2Cb99%2Cb261%2Cb249%2Cb20%2Cb701%2Cb42%2Cb879%2Cb548%2Cb183%2Cb88%2Cb308%2Cb103%2Cb1%2Cb126%2Cb523%2Cb900%2Cb192%2Cb188%2Cb703%2Cb890%2Cb148%2Cb256%2Cb454%2Cb651%2Cb41%2Cb647%2Cb22%2Cb613%2Cb6%2Cb221%2Cb36%2Cb614%2Cb3%2Cb216%2Cb218%2Cb136%2Cb573%2Cb151%2Cb185%2Cb32%2Cb441%2Cb143%2Cb648%2Cb203%2Cb877%2Cb231%2Cb485%2Cb147?page=10 HTTP/1.1" 200 40405 "-" "Mozilla/5.0 (compatible; Googlebot/2.1; +http://www.google.com/bot.html)" "-"
5.211.97.39 - - [22/Jan/2019:04:00:28 +0330] "GET /m/browse/home-appliances/%D9%84%D9%88%D8%A7%D8%B2%D9%85-%D8%AE%D8%A7%D9%86%DA%AF%DB%8C HTTP/1.1" 200 16996 "https://www.zanbil.ir/m/browse/electric-masher/%DA%AF%D9%88%D8%B4%D8%AA-%DA%A9%D9%88%D8%A8-%D8%A8%D8%B1%D9%82%DB%8C" "Mozilla/5.0 (iPhone; CPU iPhone OS 10_3_2 like Mac OS X) AppleWebKit/603.2.4 (KHTML, like Gecko) Version/10.0 Mobile/14F89 Safari/602.1" "-"
5.211.97.39 - - [22/Jan/2019:04:00:28 +0330] "GET /settings/logo HTTP/1.1" 200 4120 "https://www.zanbil.ir/m/browse/home-appliances/%D9%84%D9%88%D8%A7%D8%B2%D9%85-%D8%AE%D8%A7%D9%86%DA%AF%DB%8C" "Mozilla/5.0 (iPhone; CPU iPhone OS 10_3_2 like Mac OS X) AppleWebKit/603.2.4 (KHTML, like Gecko) Version/10.0 Mobile/14F89 Safari/602.1" "-"
66.249.66.194 - - [22/Jan/2019:04:00:28 +0330] "GET /article/873/%D8%A2%D8%B4%D9%86%D8%A7%DB%8C%DB%8C-%D8%A8%D8%A7-%D8%B9%D8%B1%D9%88%D8%B3%DA%A9-%D9%87%D8%A7%DB%8C-%D9%85%D8%AD%D9%84%DB%8C HTTP/1.1" 200 28012 "-" "Mozilla/5.0 (compatible; Googlebot/2.1; +http://www.google.com/bot.html)" "-"
5.211.97.39 - - [22/Jan/2019:04:00:28 +0330] "HEAD /amp_preconnect_polyfill_404_or_other_error_expected._Do_not_worry_about_it?1548117180000 HTTP/1.1" 404 0 "https://www.zanbil.ir/m/browse/home-appliances/%D9%84%D9%88%D8%A7%D8%B2%D9%85-%D8%AE%D8%A7%D9%86%DA%AF%DB%8C" "Mozilla/5.0 (iPhone; CPU iPhone OS 10_3_2 like Mac OS X) AppleWebKit/603.2.4 (KHTML, like Gecko) Version/10.0 Mobile/14F89 Safari/602.1" "-"
130.185.74.243 - - [22/Jan/2019:04:00:29 +0330] "GET /filter/stexists,p8391,b244?page=1 HTTP/1.1" 200 30001 "-" "Mozilla/5.0 (Windows NT 6.1; rv:42.0) Gecko/20100101 Firefox/42.0" "-"
130.185.74.243 - - [22/Jan/2019:04:00:30 +0330] "GET /filter/stexists,p8391,b244?page=2 HTTP/1.1" 200 30002 "-" "Mozilla/5.0 (Windows NT 6.1; rv:42.0) Gecko/20100101 Firefox/42.0" "-"
66.249.66.194 - - [22/Jan/2019:04:00:30 +0330] "GET /m/filter/b8,p3 HTTP/1.1" 200 19312 "-" "Mozilla/5.0 (Linux; Android 6.0.1; Nexus 5X Build/MMB29P) AppleWebKit/537.36 (KHTML, like Gecko) Chrome/41.0.2272.96 Mobile Safari/537.36 (compatible; Googlebot/2.1; +http://www.google.com/bot.html)" "-"
66.249.66.194 - - [22/Jan/2019:04:00:31 +0330] "GET /filter?f=p65%2Ct31%2Cb67&o=b HTTP/1.1" 302 0 "-" "Mozilla/5.0 (compatible; Googlebot/2.1; +http://www.google.com/bot.html)" "-"
66.249.66.194 - - [22/Jan/2019:04:00:31 +0330] "GET /m/filter/b217,p41 HTTP/1.1" 200 18502 "-" "Mozilla/5.0 (Linux; Android 6.0.1; Nexus 5X Build/MMB29P) AppleWebKit/537.36 (KHTML, like Gecko) Chrome/41.0.2272.96 Mobile Safari/537.36 (compatible; Googlebot/2.1; +http://www.google.com/bot.html)" "-"
54.36.148.159 - - [22/Jan/2019:04:00:31 +0330] "GET /filter/p16683%2Cstexists?o=v1 HTTP/1.1" 302 0 "-" "Mozilla/5.0 (compatible; AhrefsBot/6.1; +http://ahrefs.com/robot/)" "-"
35.182.176.64 - - [22/Jan/2019:04:00:32 +0330] "GET /image/11947?name=11947-1-fw.jpg&wh=200x200 HTTP/1.1" 200 4167 "-" "Dalvik/2.1.0 (Linux; U; Android 6.0.1; SM-A320Y Build/MMB29K)" "-"
130.185.74.243 - - [22/Jan/2019:04:00:32 +0330] "GET /filter/stexists,p8391,b194 HTTP/1.1" 200 31499 "-" "Mozilla/5.0 (Windows NT 6.1; rv:42.0) Gecko/20100101 Firefox/42.0" "-"
66.111.54.249 - - [22/Jan/2019:04:00:32 +0330] "GET /m/product/11815/58848/%DB%8C%D8%AE%DA%86%D8%A7%D9%84-%D9%81%D8%B1%DB%8C%D8%B2%D8%B1-%DA%86%D9%87%D8%A7%D8%B1-%D8%AF%D8%B1%D8%A8-%D8%B3%D8%A7%D9%85%D8%B3%D9%88%D9%86%DA%AF-%D9%85%D8%AF%D9%84-Romano-STS HTTP/1.1" 200 21197 "https://www.zanbil.ir/m/filter/p3?page=3" "Mozilla/5.0 (Linux; Android 5.0; SM-G900H Build/LRX21T) AppleWebKit/537.36 (KHTML, like Gecko) Chrome/39.0.2171.93 Mobile Safari/537.36" "-"
66.249.66.194 - - [22/Jan/2019:04:00:33 +0330] "GET /filter/p65%2Ct31%2Cb67 HTTP/1.1" 200 32704 "-" "Mozilla/5.0 (compatible; Googlebot/2.1; +http://www.google.com/bot.html)" "-"
130.185.74.243 - - [22/Jan/2019:04:00:33 +0330] "GET /filter/stexists,p8391,b194?page=1 HTTP/1.1" 200 29862 "-" "Mozilla/5.0 (Windows NT 6.1; rv:42.0) Gecko/20100101 Firefox/42.0" "-"
69.162.124.229 - - [22/Jan/2019:04:00:34 +0330] "HEAD / HTTP/1.1" 301 0 "http://www.zanbil.ir" "Mozilla/5.0+(compatible; UptimeRobot/2.0; http://www.uptimerobot.com/)" "-"
17.58.102.43 - - [22/Jan/2019:04:00:34 +0330] "GET /filter?f=b571%2Cb288%2Cb514%2Cb19%2Cb519%2Cb508%2Cb202%2Cb373%2Cb362%2Cb169%2Cb445%2Cb43%2Cb275%2Cb500%2Cb225%2Cb153%2Cb74%2Cb718&o=b HTTP/1.1" 302 0 "-" "Mozilla/5.0 (Macintosh; Intel Mac OS X 10_10_1) AppleWebKit/600.2.5 (KHTML, like Gecko) Version/8.0.2 Safari/600.2.5 (Applebot/0.1; +http://www.apple.com/go/applebot)" "-"
5.217.191.165 - - [22/Jan/2019:04:00:34 +0330] "GET /image/11947?name=11947-1-fw.jpg&wh=200x200 HTTP/1.1" 200 4167 "-" "Dalvik/2.1.0 (Linux; U; Android 6.0; LG-K430 Build/MRA58K)" "-"
66.249.66.91 - - [22/Jan/2019:04:00:34 +0330] "GET /image/61195/productModel/150x150 HTTP/1.1" 200 6639 "-" "Googlebot-Image/1.0" "-"
66.249.66.194 - - [22/Jan/2019:04:00:34 +0330] "GET /m/filter/b143,p49 HTTP/1.1" 200 18523 "-" "Mozilla/5.0 (Linux; Android 6.0.1; Nexus 5X Build/MMB29P) AppleWebKit/537.36 (KHTML, like Gecko) Chrome/41.0.2272.96 Mobile Safari/537.36 (compatible; Googlebot/2.1; +http://www.google.com/bot.html)" "-"
130.185.74.243 - - [22/Jan/2019:04:00:34 +0330] "GET /filter/stexists,p8391,b236 HTTP/1.1" 200 31577 "-" "Mozilla/5.0 (Windows NT 6.1; rv:42.0) Gecko/20100101 Firefox/42.0" "-"
69.162.124.229 - - [22/Jan/2019:04:00:35 +0330] "HEAD / HTTP/1.1" 200 0 "http://www.zanbil.ir" "Mozilla/5.0+(compatible; UptimeRobot/2.0; http://www.uptimerobot.com/)" "-"
66.111.54.249 - - [22/Jan/2019:04:00:35 +0330] "GET /settings/logo HTTP/1.1" 200 4120 "https://www.zanbil.ir/m/product/11815/58848/%DB%8C%D8%AE%DA%86%D8%A7%D9%84-%D9%81%D8%B1%DB%8C%D8%B2%D8%B1-%DA%86%D9%87%D8%A7%D8%B1-%D8%AF%D8%B1%D8%A8-%D8%B3%D8%A7%D9%85%D8%B3%D9%88%D9%86%DA%AF-%D9%85%D8%AF%D9%84-Romano-STS" "Mozilla/5.0 (Linux; Android 5.0; SM-G900H Build/LRX21T) AppleWebKit/537.36 (KHTML, like Gecko) Chrome/39.0.2171.93 Mobile Safari/537.36" "-"
51.15.15.54 - - [22/Jan/2019:04:00:35 +0330] "GET /blog/home-appliances/air-conditioner/cooler/ HTTP/1.1" 200 21368 "-" "Barkrowler/0.9 (+http://www.exensa.com/crawl)" "-"
63.143.42.243 - - [22/Jan/2019:04:00:35 +0330] "HEAD / HTTP/1.1" 200 0 "https://www.zanbil.ir" "Mozilla/5.0+(compatible; UptimeRobot/2.0; http://www.uptimerobot.com/)" "-"
5.211.97.39 - - [22/Jan/2019:04:00:36 +0330] "GET /m/browse/beverage-preperation-and-storage/%D8%AA%D9%87%DB%8C%D9%87-%D9%88-%D9%86%DA%AF%D9%87%D8%AF%D8%A7%D8%B1%DB%8C-%D9%86%D9%88%D8%B4%DB%8C%D8%AF%D9%86%DB%8C HTTP/1.1" 200 16835 "https://www.zanbil.ir/m/browse/home-appliances/%D9%84%D9%88%D8%A7%D8%B2%D9%85-%D8%AE%D8%A7%D9%86%DA%AF%DB%8C" "Mozilla/5.0 (iPhone; CPU iPhone OS 10_3_2 like Mac OS X) AppleWebKit/603.2.4 (KHTML, like Gecko) Version/10.0 Mobile/14F89 Safari/602.1" "-"
5.211.97.39 - - [22/Jan/2019:04:00:36 +0330] "GET /settings/logo HTTP/1.1" 200 4120 "https://www.zanbil.ir/m/browse/beverage-preperation-and-storage/%D8%AA%D9%87%DB%8C%D9%87-%D9%88-%D9%86%DA%AF%D9%87%D8%AF%D8%A7%D8%B1%DB%8C-%D9%86%D9%88%D8%B4%DB%8C%D8%AF%D9%86%DB%8C" "Mozilla/5.0 (iPhone; CPU iPhone OS 10_3_2 like Mac OS X) AppleWebKit/603.2.4 (KHTML, like Gecko) Version/10.0 Mobile/14F89 Safari/602.1" "-"
66.111.54.249 - - [22/Jan/2019:04:00:36 +0330] "GET /image/11815?name=romano-1.jpg&wh=max HTTP/1.1" 200 25217 "https://www.zanbil.ir/m/product/11815/58848/%DB%8C%D8%AE%DA%86%D8%A7%D9%84-%D9%81%D8%B1%DB%8C%D8%B2%D8%B1-%DA%86%D9%87%D8%A7%D8%B1-%D8%AF%D8%B1%D8%A8-%D8%B3%D8%A7%D9%85%D8%B3%D9%88%D9%86%DA%AF-%D9%85%D8%AF%D9%84-Romano-STS" "Mozilla/5.0 (Linux; Android 5.0; SM-G900H Build/LRX21T) AppleWebKit/537.36 (KHTML, like Gecko) Chrome/39.0.2171.93 Mobile Safari/537.36" "-"
130.185.74.243 - - [22/Jan/2019:04:00:36 +0330] "GET /filter/stexists,p8391,b236?page=1 HTTP/1.1" 200 29999 "-" "Mozilla/5.0 (Windows NT 6.1; rv:42.0) Gecko/20100101 Firefox/42.0" "-"
66.249.66.194 - - [22/Jan/2019:04:00:36 +0330] "GET /blog/digital-supplies/%D8%B4%D8%A7%D9%84-%D8%A8%D8%A7%DB%8C%D9%88%D8%A7%D8%B3%DA%A9%D8%A7%D8%B1%D9%81-%D9%85%D9%82%D8%A7%D9%88%D9%85-%D8%AF%D8%B1-%D8%A8%D8%B1%D8%A7%D8%A8%D8%B1-%D8%A2%D9%84%D8%B1%DA%98%DB%8C-%D9%87/ HTTP/1.1" 200 24522 "-" "Mozilla/5.0 (compatible; Googlebot/2.1; +http://www.google.com/bot.html)" "-"
5.211.97.39 - - [22/Jan/2019:04:00:36 +0330] "GET /image/9/productType/240x180 HTTP/1.1" 200 11386 "https://www.zanbil.ir/m/browse/beverage-preperation-and-storage/%D8%AA%D9%87%DB%8C%D9%87-%D9%88-%D9%86%DA%AF%D9%87%D8%AF%D8%A7%D8%B1%DB%8C-%D9%86%D9%88%D8%B4%DB%8C%D8%AF%D9%86%DB%8C" "Mozilla/5.0 (iPhone; CPU iPhone OS 10_3_2 like Mac OS X) AppleWebKit/603.2.4 (KHTML, like Gecko) Version/10.0 Mobile/14F89 Safari/602.1" "-"
17.58.102.43 - - [22/Jan/2019:04:00:36 +0330] "GET /filter/b571%2Cb288%2Cb514%2Cb19%2Cb519%2Cb508%2Cb202%2Cb373%2Cb362%2Cb169%2Cb445%2Cb43%2Cb275%2Cb500%2Cb225%2Cb153%2Cb74%2Cb718 HTTP/1.1" 200 37694 "-" "Mozilla/5.0 (Macintosh; Intel Mac OS X 10_10_1) AppleWebKit/600.2.5 (KHTML, like Gecko) Version/8.0.2 Safari/600.2.5 (Applebot/0.1; +http://www.apple.com/go/applebot)" "-"
5.211.97.39 - - [22/Jan/2019:04:00:36 +0330] "HEAD /amp_preconnect_polyfill_404_or_other_error_expected._Do_not_worry_about_it?1548117180000 HTTP/1.1" 404 0 "https://www.zanbil.ir/m/browse/beverage-preperation-and-storage/%D8%AA%D9%87%DB%8C%D9%87-%D9%88-%D9%86%DA%AF%D9%87%D8%AF%D8%A7%D8%B1%DB%8C-%D9%86%D9%88%D8%B4%DB%8C%D8%AF%D9%86%DB%8C" "Mozilla/5.0 (iPhone; CPU iPhone OS 10_3_2 like Mac OS X) AppleWebKit/603.2.4 (KHTML, like Gecko) Version/10.0 Mobile/14F89 Safari/602.1" "-"
5.211.97.39 - - [22/Jan/2019:04:00:36 +0330] "GET /image/4703/productType/240x180 HTTP/1.1" 200 10275 "https://www.zanbil.ir/m/browse/beverage-preperation-and-storage/%D8%AA%D9%87%DB%8C%D9%87-%D9%88-%D9%86%DA%AF%D9%87%D8%AF%D8%A7%D8%B1%DB%8C-%D9%86%D9%88%D8%B4%DB%8C%D8%AF%D9%86%DB%8C" "Mozilla/5.0 (iPhone; CPU iPhone OS 10_3_2 like Mac OS X) AppleWebKit/603.2.4 (KHTML, like Gecko) Version/10.0 Mobile/14F89 Safari/602.1" "-"
5.211.97.39 - - [22/Jan/2019:04:00:36 +0330] "GET /image/11/productType/240x180 HTTP/1.1" 200 15613 "https://www.zanbil.ir/m/browse/beverage-preperation-and-storage/%D8%AA%D9%87%DB%8C%D9%87-%D9%88-%D9%86%DA%AF%D9%87%D8%AF%D8%A7%D8%B1%DB%8C-%D9%86%D9%88%D8%B4%DB%8C%D8%AF%D9%86%DB%8C" "Mozilla/5.0 (iPhone; CPU iPhone OS 10_3_2 like Mac OS X) AppleWebKit/603.2.4 (KHTML, like Gecko) Version/10.0 Mobile/14F89 Safari/602.1" "-"
5.211.97.39 - - [22/Jan/2019:04:00:36 +0330] "GET /image/10/productType/240x180 HTTP/1.1" 200 8720 "https://www.zanbil.ir/m/browse/beverage-preperation-and-storage/%D8%AA%D9%87%DB%8C%D9%87-%D9%88-%D9%86%DA%AF%D9%87%D8%AF%D8%A7%D8%B1%DB%8C-%D9%86%D9%88%D8%B4%DB%8C%D8%AF%D9%86%DB%8C" "Mozilla/5.0 (iPhone; CPU iPhone OS 10_3_2 like Mac OS X) AppleWebKit/603.2.4 (KHTML, like Gecko) Version/10.0 Mobile/14F89 Safari/602.1" "-"
5.211.97.39 - - [22/Jan/2019:04:00:36 +0330] "GET /image/14/productType/240x180 HTTP/1.1" 200 14440 "https://www.zanbil.ir/m/browse/beverage-preperation-and-storage/%D8%AA%D9%87%DB%8C%D9%87-%D9%88-%D9%86%DA%AF%D9%87%D8%AF%D8%A7%D8%B1%DB%8C-%D9%86%D9%88%D8%B4%DB%8C%D8%AF%D9%86%DB%8C" "Mozilla/5.0 (iPhone; CPU iPhone OS 10_3_2 like Mac OS X) AppleWebKit/603.2.4 (KHTML, like Gecko) Version/10.0 Mobile/14F89 Safari/602.1" "-"
5.211.97.39 - - [22/Jan/2019:04:00:36 +0330] "GET /image/1230/productType/240x180 HTTP/1.1" 200 11480 "https://www.zanbil.ir/m/browse/beverage-preperation-and-storage/%D8%AA%D9%87%DB%8C%D9%87-%D9%88-%D9%86%DA%AF%D9%87%D8%AF%D8%A7%D8%B1%DB%8C-%D9%86%D9%88%D8%B4%DB%8C%D8%AF%D9%86%DB%8C" "Mozilla/5.0 (iPhone; CPU iPhone OS 10_3_2 like Mac OS X) AppleWebKit/603.2.4 (KHTML, like Gecko) Version/10.0 Mobile/14F89 Safari/602.1" "-"
5.211.97.39 - - [22/Jan/2019:04:00:36 +0330] "GET /image/2715/productType/240x180 HTTP/1.1" 200 9507 "https://www.zanbil.ir/m/browse/beverage-preperation-and-storage/%D8%AA%D9%87%DB%8C%D9%87-%D9%88-%D9%86%DA%AF%D9%87%D8%AF%D8%A7%D8%B1%DB%8C-%D9%86%D9%88%D8%B4%DB%8C%D8%AF%D9%86%DB%8C" "Mozilla/5.0 (iPhone; CPU iPhone OS 10_3_2 like Mac OS X) AppleWebKit/603.2.4 (KHTML, like Gecko) Version/10.0 Mobile/14F89 Safari/602.1" "-"
5.211.97.39 - - [22/Jan/2019:04:00:36 +0330] "GET /image/1233/productType/240x180 HTTP/1.1" 200 11313 "https://www.zanbil.ir/m/browse/beverage-preperation-and-storage/%D8%AA%D9%87%DB%8C%D9%87-%D9%88-%D9%86%DA%AF%D9%87%D8%AF%D8%A7%D8%B1%DB%8C-%D9%86%D9%88%D8%B4%DB%8C%D8%AF%D9%86%DB%8C" "Mozilla/5.0 (iPhone; CPU iPhone OS 10_3_2 like Mac OS X) AppleWebKit/603.2.4 (KHTML, like Gecko) Version/10.0 Mobile/14F89 Safari/602.1" "-"
5.211.97.39 - - [22/Jan/2019:04:00:36 +0330] "GET /image/12/productType/240x180 HTTP/1.1" 200 11376 "https://www.zanbil.ir/m/browse/beverage-preperation-and-storage/%D8%AA%D9%87%DB%8C%D9%87-%D9%88-%D9%86%DA%AF%D9%87%D8%AF%D8%A7%D8%B1%DB%8C-%D9%86%D9%88%D8%B4%DB%8C%D8%AF%D9%86%DB%8C" "Mozilla/5.0 (iPhone; CPU iPhone OS 10_3_2 like Mac OS X) AppleWebKit/603.2.4 (KHTML, like Gecko) Version/10.0 Mobile/14F89 Safari/602.1" "-"
5.211.97.39 - - [22/Jan/2019:04:00:36 +0330] "GET /image/1234/productType/240x180 HTTP/1.1" 200 13080 "https://www.zanbil.ir/m/browse/beverage-preperation-and-storage/%D8%AA%D9%87%DB%8C%D9%87-%D9%88-%D9%86%DA%AF%D9%87%D8%AF%D8%A7%D8%B1%DB%8C-%D9%86%D9%88%D8%B4%DB%8C%D8%AF%D9%86%DB%8C" "Mozilla/5.0 (iPhone; CPU iPhone OS 10_3_2 like Mac OS X) AppleWebKit/603.2.4 (KHTML, like Gecko) Version/10.0 Mobile/14F89 Safari/602.1" "-"
5.211.97.39 - - [22/Jan/2019:04:00:37 +0330] "GET /image/810/mainSlideMobile HTTP/1.1" 200 58626 "https://www.zanbil.ir/m/browse/beverage-preperation-and-storage/%D8%AA%D9%87%DB%8C%D9%87-%D9%88-%D9%86%DA%AF%D9%87%D8%AF%D8%A7%D8%B1%DB%8C-%D9%86%D9%88%D8%B4%DB%8C%D8%AF%D9%86%DB%8C" "Mozilla/5.0 (iPhone; CPU iPhone OS 10_3_2 like Mac OS X) AppleWebKit/603.2.4 (KHTML, like Gecko) Version/10.0 Mobile/14F89 Safari/602.1" "-"
66.111.54.249 - - [22/Jan/2019:04:00:37 +0330] "GET /image/11815?name=romano-8.jpg&wh=max HTTP/1.1" 200 28284 "https://www.zanbil.ir/m/product/11815/58848/%DB%8C%D8%AE%DA%86%D8%A7%D9%84-%D9%81%D8%B1%DB%8C%D8%B2%D8%B1-%DA%86%D9%87%D8%A7%D8%B1-%D8%AF%D8%B1%D8%A8-%D8%B3%D8%A7%D9%85%D8%B3%D9%88%D9%86%DA%AF-%D9%85%D8%AF%D9%84-Romano-STS" "Mozilla/5.0 (Linux; Android 5.0; SM-G900H Build/LRX21T) AppleWebKit/537.36 (KHTML, like Gecko) Chrome/39.0.2171.93 Mobile Safari/537.36" "-"
5.211.97.39 - - [22/Jan/2019:04:00:37 +0330] "GET /image/816/mainSlideMobile HTTP/1.1" 200 68613 "https://www.zanbil.ir/m/browse/beverage-preperation-and-storage/%D8%AA%D9%87%DB%8C%D9%87-%D9%88-%D9%86%DA%AF%D9%87%D8%AF%D8%A7%D8%B1%DB%8C-%D9%86%D9%88%D8%B4%DB%8C%D8%AF%D9%86%DB%8C" "Mozilla/5.0 (iPhone; CPU iPhone OS 10_3_2 like Mac OS X) AppleWebKit/603.2.4 (KHTML, like Gecko) Version/10.0 Mobile/14F89 Safari/602.1" "-"
5.211.97.39 - - [22/Jan/2019:04:00:37 +0330] "GET /image/817/mainSlideMobile HTTP/1.1" 200 68622 "https://www.zanbil.ir/m/browse/beverage-preperation-and-storage/%D8%AA%D9%87%DB%8C%D9%87-%D9%88-%D9%86%DA%AF%D9%87%D8%AF%D8%A7%D8%B1%DB%8C-%D9%86%D9%88%D8%B4%DB%8C%D8%AF%D9%86%DB%8C" "Mozilla/5.0 (iPhone; CPU iPhone OS 10_3_2 like Mac OS X) AppleWebKit/603.2.4 (KHTML, like Gecko) Version/10.0 Mobile/14F89 Safari/602.1" "-"
66.249.66.194 - - [22/Jan/2019:04:00:37 +0330] "GET /product/26473?model=54168 HTTP/1.1" 404 32294 "-" "Mozilla/5.0 (compatible; Googlebot/2.1; +http://www.google.com/bot.html)" "-"
54.36.148.248 - - [22/Jan/2019:04:00:37 +0330] "GET /filter/b574,p14464 HTTP/1.1" 200 31012 "-" "Mozilla/5.0 (compatible; AhrefsBot/6.1; +http://ahrefs.com/robot/)" "-"
207.46.13.104 - - [22/Jan/2019:04:00:38 +0330] "GET /filter/p24081%2Cp24094?page=1 HTTP/1.1" 200 31945 "-" "Mozilla/5.0 (compatible; bingbot/2.0; +http://www.bing.com/bingbot.htm)" "-"
66.249.66.194 - - [22/Jan/2019:04:00:38 +0330] "GET /product/33486/%DB%8C%D8%AE%DA%86%D8%A7%D9%84-%D9%81%D8%B1%DB%8C%D8%B2%D8%B1-%D8%B3%D8%A7%DB%8C%D8%AF-%D8%A8%D8%A7%DB%8C-%D8%B3%D8%A7%DB%8C%D8%AF-%D8%A8%D9%88%D8%B4-%D9%85%D8%AF%D9%84-BOSCH-Side-by-Side-KAN60A40NE HTTP/1.1" 200 41301 "-" "Mozilla/5.0 (compatible; Googlebot/2.1; +http://www.google.com/bot.html)" "-"
130.185.74.243 - - [22/Jan/2019:04:00:38 +0330] "GET /filter/stexists,p8391,b236?page=2 HTTP/1.1" 200 30000 "-" "Mozilla/5.0 (Windows NT 6.1; rv:42.0) Gecko/20100101 Firefox/42.0" "-"
66.111.54.249 - - [22/Jan/2019:04:00:38 +0330] "GET /image/55326/productModel/150x150 HTTP/1.1" 200 2288 "https://www.zanbil.ir/m/product/11815/58848/%DB%8C%D8%AE%DA%86%D8%A7%D9%84-%D9%81%D8%B1%DB%8C%D8%B2%D8%B1-%DA%86%D9%87%D8%A7%D8%B1-%D8%AF%D8%B1%D8%A8-%D8%B3%D8%A7%D9%85%D8%B3%D9%88%D9%86%DA%AF-%D9%85%D8%AF%D9%84-Romano-STS" "Mozilla/5.0 (Linux; Android 5.0; SM-G900H Build/LRX21T) AppleWebKit/537.36 (KHTML, like Gecko) Chrome/39.0.2171.93 Mobile Safari/537.36" "-"
66.111.54.249 - - [22/Jan/2019:04:00:39 +0330] "GET /image/55327/productModel/150x150 HTTP/1.1" 200 2152 "https://www.zanbil.ir/m/product/11815/58848/%DB%8C%D8%AE%DA%86%D8%A7%D9%84-%D9%81%D8%B1%DB%8C%D8%B2%D8%B1-%DA%86%D9%87%D8%A7%D8%B1-%D8%AF%D8%B1%D8%A8-%D8%B3%D8%A7%D9%85%D8%B3%D9%88%D9%86%DA%AF-%D9%85%D8%AF%D9%84-Romano-STS" "Mozilla/5.0 (Linux; Android 5.0; SM-G900H Build/LRX21T) AppleWebKit/537.36 (KHTML, like Gecko) Chrome/39.0.2171.93 Mobile Safari/537.36" "-"
66.111.54.249 - - [22/Jan/2019:04:00:39 +0330] "GET /image/60747/productModel/150x150 HTTP/1.1" 200 2556 "https://www.zanbil.ir/m/product/11815/58848/%DB%8C%D8%AE%DA%86%D8%A7%D9%84-%D9%81%D8%B1%DB%8C%D8%B2%D8%B1-%DA%86%D9%87%D8%A7%D8%B1-%D8%AF%D8%B1%D8%A8-%D8%B3%D8%A7%D9%85%D8%B3%D9%88%D9%86%DA%AF-%D9%85%D8%AF%D9%84-Romano-STS" "Mozilla/5.0 (Linux; Android 5.0; SM-G900H Build/LRX21T) AppleWebKit/537.36 (KHTML, like Gecko) Chrome/39.0.2171.93 Mobile Safari/537.36" "-"
66.111.54.249 - - [22/Jan/2019:04:00:39 +0330] "GET /image/60749/productModel/150x150 HTTP/1.1" 200 2103 "https://www.zanbil.ir/m/product/11815/58848/%DB%8C%D8%AE%DA%86%D8%A7%D9%84-%D9%81%D8%B1%DB%8C%D8%B2%D8%B1-%DA%86%D9%87%D8%A7%D8%B1-%D8%AF%D8%B1%D8%A8-%D8%B3%D8%A7%D9%85%D8%B3%D9%88%D9%86%DA%AF-%D9%85%D8%AF%D9%84-Romano-STS" "Mozilla/5.0 (Linux; Android 5.0; SM-G900H Build/LRX21T) AppleWebKit/537.36 (KHTML, like Gecko) Chrome/39.0.2171.93 Mobile Safari/537.36" "-"
5.211.97.39 - - [22/Jan/2019:04:00:40 +0330] "GET /m/browse/juicer/%D8%A2%D8%A8%D9%85%DB%8C%D9%88%D9%87-%DA%AF%DB%8C%D8%B1%DB%8C HTTP/1.1" 200 19407 "https://www.zanbil.ir/m/browse/beverage-preperation-and-storage/%D8%AA%D9%87%DB%8C%D9%87-%D9%88-%D9%86%DA%AF%D9%87%D8%AF%D8%A7%D8%B1%DB%8C-%D9%86%D9%88%D8%B4%DB%8C%D8%AF%D9%86%DB%8C" "Mozilla/5.0 (iPhone; CPU iPhone OS 10_3_2 like Mac OS X) AppleWebKit/603.2.4 (KHTML, like Gecko) Version/10.0 Mobile/14F89 Safari/602.1" "-"
5.211.97.39 - - [22/Jan/2019:04:00:40 +0330] "GET /settings/logo HTTP/1.1" 200 4120 "https://www.zanbil.ir/m/browse/juicer/%D8%A2%D8%A8%D9%85%DB%8C%D9%88%D9%87-%DA%AF%DB%8C%D8%B1%DB%8C" "Mozilla/5.0 (iPhone; CPU iPhone OS 10_3_2 like Mac OS X) AppleWebKit/603.2.4 (KHTML, like Gecko) Version/10.0 Mobile/14F89 Safari/602.1" "-"
130.185.74.243 - - [22/Jan/2019:04:00:40 +0330] "GET /filter/stexists,p8391,b236?page=3 HTTP/1.1" 200 30000 "-" "Mozilla/5.0 (Windows NT 6.1; rv:42.0) Gecko/20100101 Firefox/42.0" "-"
5.211.97.39 - - [22/Jan/2019:04:00:40 +0330] "GET /image/62376/productModel/200x200 HTTP/1.1" 200 5094 "https://www.zanbil.ir/m/browse/juicer/%D8%A2%D8%A8%D9%85%DB%8C%D9%88%D9%87-%DA%AF%DB%8C%D8%B1%DB%8C" "Mozilla/5.0 (iPhone; CPU iPhone OS 10_3_2 like Mac OS X) AppleWebKit/603.2.4 (KHTML, like Gecko) Version/10.0 Mobile/14F89 Safari/602.1" "-"
5.211.97.39 - - [22/Jan/2019:04:00:40 +0330] "HEAD /amp_preconnect_polyfill_404_or_other_error_expected._Do_not_worry_about_it?1548117180000 HTTP/1.1" 404 0 "https://www.zanbil.ir/m/browse/juicer/%D8%A2%D8%A8%D9%85%DB%8C%D9%88%D9%87-%DA%AF%DB%8C%D8%B1%DB%8C" "Mozilla/5.0 (iPhone; CPU iPhone OS 10_3_2 like Mac OS X) AppleWebKit/603.2.4 (KHTML, like Gecko) Version/10.0 Mobile/14F89 Safari/602.1" "-"
5.211.97.39 - - [22/Jan/2019:04:00:40 +0330] "GET /image/5907/productModel/200x200 HTTP/1.1" 200 4725 "https://www.zanbil.ir/m/browse/juicer/%D8%A2%D8%A8%D9%85%DB%8C%D9%88%D9%87-%DA%AF%DB%8C%D8%B1%DB%8C" "Mozilla/5.0 (iPhone; CPU iPhone OS 10_3_2 like Mac OS X) AppleWebKit/603.2.4 (KHTML, like Gecko) Version/10.0 Mobile/14F89 Safari/602.1" "-"
5.211.97.39 - - [22/Jan/2019:04:00:40 +0330] "GET /image/63001/productModel/200x200 HTTP/1.1" 200 4868 "https://www.zanbil.ir/m/browse/juicer/%D8%A2%D8%A8%D9%85%DB%8C%D9%88%D9%87-%DA%AF%DB%8C%D8%B1%DB%8C" "Mozilla/5.0 (iPhone; CPU iPhone OS 10_3_2 like Mac OS X) AppleWebKit/603.2.4 (KHTML, like Gecko) Version/10.0 Mobile/14F89 Safari/602.1" "-"
5.211.97.39 - - [22/Jan/2019:04:00:40 +0330] "GET /image/5025/productModel/200x200 HTTP/1.1" 200 4213 "https://www.zanbil.ir/m/browse/juicer/%D8%A2%D8%A8%D9%85%DB%8C%D9%88%D9%87-%DA%AF%DB%8C%D8%B1%DB%8C" "Mozilla/5.0 (iPhone; CPU iPhone OS 10_3_2 like Mac OS X) AppleWebKit/603.2.4 (KHTML, like Gecko) Version/10.0 Mobile/14F89 Safari/602.1" "-"
5.211.97.39 - - [22/Jan/2019:04:00:40 +0330] "GET /image/62097/productModel/200x200 HTTP/1.1" 200 5815 "https://www.zanbil.ir/m/browse/juicer/%D8%A2%D8%A8%D9%85%DB%8C%D9%88%D9%87-%DA%AF%DB%8C%D8%B1%DB%8C" "Mozilla/5.0 (iPhone; CPU iPhone OS 10_3_2 like Mac OS X) AppleWebKit/603.2.4 (KHTML, like Gecko) Version/10.0 Mobile/14F89 Safari/602.1" "-"
5.211.97.39 - - [22/Jan/2019:04:00:40 +0330] "GET /image/52652/productModel/200x200 HTTP/1.1" 200 5531 "https://www.zanbil.ir/m/browse/juicer/%D8%A2%D8%A8%D9%85%DB%8C%D9%88%D9%87-%DA%AF%DB%8C%D8%B1%DB%8C" "Mozilla/5.0 (iPhone; CPU iPhone OS 10_3_2 like Mac OS X) AppleWebKit/603.2.4 (KHTML, like Gecko) Version/10.0 Mobile/14F89 Safari/602.1" "-"
5.211.97.39 - - [22/Jan/2019:04:00:40 +0330] "GET /image/132/brand HTTP/1.1" 200 2416 "https://www.zanbil.ir/m/browse/juicer/%D8%A2%D8%A8%D9%85%DB%8C%D9%88%D9%87-%DA%AF%DB%8C%D8%B1%DB%8C" "Mozilla/5.0 (iPhone; CPU iPhone OS 10_3_2 like Mac OS X) AppleWebKit/603.2.4 (KHTML, like Gecko) Version/10.0 Mobile/14F89 Safari/602.1" "-"
5.211.97.39 - - [22/Jan/2019:04:00:40 +0330] "GET /image/453/productTypeType HTTP/1.1" 200 11085 "https://www.zanbil.ir/m/browse/juicer/%D8%A2%D8%A8%D9%85%DB%8C%D9%88%D9%87-%DA%AF%DB%8C%D8%B1%DB%8C" "Mozilla/5.0 (iPhone; CPU iPhone OS 10_3_2 like Mac OS X) AppleWebKit/603.2.4 (KHTML, like Gecko) Version/10.0 Mobile/14F89 Safari/602.1" "-"
5.211.97.39 - - [22/Jan/2019:04:00:40 +0330] "GET /image/454/productTypeType HTTP/1.1" 200 11124 "https://www.zanbil.ir/m/browse/juicer/%D8%A2%D8%A8%D9%85%DB%8C%D9%88%D9%87-%DA%AF%DB%8C%D8%B1%DB%8C" "Mozilla/5.0 (iPhone; CPU iPhone OS 10_3_2 like Mac OS X) AppleWebKit/603.2.4 (KHTML, like Gecko) Version/10.0 Mobile/14F89 Safari/602.1" "-"
5.211.97.39 - - [22/Jan/2019:04:00:40 +0330] "GET /image/52941/productModel/200x200 HTTP/1.1" 200 6458 "https://www.zanbil.ir/m/browse/juicer/%D8%A2%D8%A8%D9%85%DB%8C%D9%88%D9%87-%DA%AF%DB%8C%D8%B1%DB%8C" "Mozilla/5.0 (iPhone; CPU iPhone OS 10_3_2 like Mac OS X) AppleWebKit/603.2.4 (KHTML, like Gecko) Version/10.0 Mobile/14F89 Safari/602.1" "-"
5.211.97.39 - - [22/Jan/2019:04:00:40 +0330] "GET /image/60729/productModel/200x200 HTTP/1.1" 200 4574 "https://www.zanbil.ir/m/browse/juicer/%D8%A2%D8%A8%D9%85%DB%8C%D9%88%D9%87-%DA%AF%DB%8C%D8%B1%DB%8C" "Mozilla/5.0 (iPhone; CPU iPhone OS 10_3_2 like Mac OS X) AppleWebKit/603.2.4 (KHTML, like Gecko) Version/10.0 Mobile/14F89 Safari/602.1" "-"
207.46.13.104 - - [22/Jan/2019:04:00:40 +0330] "GET /product/27644 HTTP/1.1" 200 42113 "-" "Mozilla/5.0 (compatible; bingbot/2.0; +http://www.bing.com/bingbot.htm)" "-"
130.185.74.243 - - [22/Jan/2019:04:00:41 +0330] "GET /filter/stexists,p8391,b236?page=4 HTTP/1.1" 200 31017 "-" "Mozilla/5.0 (Windows NT 6.1; rv:42.0) Gecko/20100101 Firefox/42.0" "-"
64.233.172.175 - - [22/Jan/2019:04:00:41 +0330] "GET /image/33717?name=tm-3500sp-1.jpg&wh=200x200 HTTP/1.1" 200 94646 "https://torob.com/amp/p/b7c10e05-2c28-4ee0-a1bc-c382cb614b0e/lumax-%DA%86%D8%A7%DB%8C-%D8%B3%D8%A7%D8%B2-2000-%D9%88%D8%A7%D8%AA-%D9%85%D8%AF%D9%84-tm-6030/" "Mozilla/5.0 (Windows NT 10.0; Win64; x64) AppleWebKit/537.36 (KHTML, like Gecko) Chrome/71.0.3578.98 Safari/537.36" "-"
5.211.97.39 - - [22/Jan/2019:04:00:42 +0330] "GET /image/61840/productModel/200x200 HTTP/1.1" 200 4143 "https://www.zanbil.ir/m/browse/juicer/%D8%A2%D8%A8%D9%85%DB%8C%D9%88%D9%87-%DA%AF%DB%8C%D8%B1%DB%8C" "Mozilla/5.0 (iPhone; CPU iPhone OS 10_3_2 like Mac OS X) AppleWebKit/603.2.4 (KHTML, like Gecko) Version/10.0 Mobile/14F89 Safari/602.1" "-"
5.211.97.39 - - [22/Jan/2019:04:00:42 +0330] "GET /image/60659/productModel/200x200 HTTP/1.1" 200 6777 "https://www.zanbil.ir/m/browse/juicer/%D8%A2%D8%A8%D9%85%DB%8C%D9%88%D9%87-%DA%AF%DB%8C%D8%B1%DB%8C" "Mozilla/5.0 (iPhone; CPU iPhone OS 10_3_2 like Mac OS X) AppleWebKit/603.2.4 (KHTML, like Gecko) Version/10.0 Mobile/14F89 Safari/602.1" "-"
207.46.13.136 - - [22/Jan/2019:04:00:42 +0330] "GET /filter/b1,b103,b105,b109,b111,b118,b144,b148,b151,b186,b261,b291,b52,b584,b615,b63,b77,b80,b83,b95 HTTP/1.1" 200 39197 "-" "Mozilla/5.0 (compatible; bingbot/2.0; +http://www.bing.com/bingbot.htm)" "-"
5.211.97.39 - - [22/Jan/2019:04:00:43 +0330] "GET /image/63644/productModel/200x200 HTTP/1.1" 200 4478 "https://www.zanbil.ir/m/browse/juicer/%D8%A2%D8%A8%D9%85%DB%8C%D9%88%D9%87-%DA%AF%DB%8C%D8%B1%DB%8C" "Mozilla/5.0 (iPhone; CPU iPhone OS 10_3_2 like Mac OS X) AppleWebKit/603.2.4 (KHTML, like Gecko) Version/10.0 Mobile/14F89 Safari/602.1" "-"
5.211.97.39 - - [22/Jan/2019:04:00:43 +0330] "GET /image/63090/productModel/200x200 HTTP/1.1" 200 5499 "https://www.zanbil.ir/m/browse/juicer/%D8%A2%D8%A8%D9%85%DB%8C%D9%88%D9%87-%DA%AF%DB%8C%D8%B1%DB%8C" "Mozilla/5.0 (iPhone; CPU iPhone OS 10_3_2 like Mac OS X) AppleWebKit/603.2.4 (KHTML, like Gecko) Version/10.0 Mobile/14F89 Safari/602.1" "-"
66.249.66.194 - - [22/Jan/2019:04:00:43 +0330] "GET /filter/b1,b134,b169,b173,b174,b176,b183,b186,b218,b33,b43,b82,b97,p5508,v1%7C%D9%85%D8%B4%DA%A9%DB%8C%20%D9%86%D9%82%D8%B1%D9%87%20%D8%A7%DB%8C HTTP/1.1" 302 0 "-" "Mozilla/5.0 (Linux; Android 6.0.1; Nexus 5X Build/MMB29P) AppleWebKit/537.36 (KHTML, like Gecko) Chrome/41.0.2272.96 Mobile Safari/537.36 (compatible; Googlebot/2.1; +http://www.google.com/bot.html)" "-"
130.185.74.243 - - [22/Jan/2019:04:00:43 +0330] "GET /filter/stexists,p8391,b236?page=5 HTTP/1.1" 200 31017 "-" "Mozilla/5.0 (Windows NT 6.1; rv:42.0) Gecko/20100101 Firefox/42.0" "-"
89.198.116.98 - - [22/Jan/2019:04:00:43 +0330] "GET /image/11947?name=11947-1-fw.jpg&wh=200x200 HTTP/1.1" 200 4167 "-" "Dalvik/2.1.0 (Linux; U; Android 8.1.0; TA-1021 Build/OPR1.170623.026)" "-"
66.249.66.194 - - [22/Jan/2019:04:00:44 +0330] "GET /m/browse/strollers/%DA%A9%D8%A7%D9%84%D8%B3%DA%A9%D9%87 HTTP/1.1" 200 16500 "-" "Mozilla/5.0 (Linux; Android 6.0.1; Nexus 5X Build/MMB29P) AppleWebKit/537.36 (KHTML, like Gecko) Chrome/41.0.2272.96 Mobile Safari/537.36 (compatible; Googlebot/2.1; +http://www.google.com/bot.html)" "-"
172.20.2.174 - - [22/Jan/2019:04:00:44 +0330] "GET /site/ping HTTP/1.1" 200 4 "-" "-" "-"
66.249.66.194 - - [22/Jan/2019:04:00:44 +0330] "GET /m/filter/b1%2Cb134%2Cb169%2Cb173%2Cb174%2Cb176%2Cb183%2Cb186%2Cb218%2Cb33%2Cb43%2Cb82%2Cb97%2Cp5508%2Cv1%7C%D9%85%D8%B4%DA%A9%DB%8C%20%D9%86%D9%82%D8%B1%D9%87%20%D8%A7%DB%8C HTTP/1.1" 200 19042 "-" "Mozilla/5.0 (Linux; Android 6.0.1; Nexus 5X Build/MMB29P) AppleWebKit/537.36 (KHTML, like Gecko) Chrome/41.0.2272.96 Mobile Safari/537.36 (compatible; Googlebot/2.1; +http://www.google.com/bot.html)" "-"
5.127.189.90 - - [22/Jan/2019:04:00:44 +0330] "GET /image/33888?name=model-b2048u-1-.jpg&wh=200x200 HTTP/1.1" 200 3975 "-" "Dalvik/2.1.0 (Linux; U; Android 7.0; SM-A510F Build/NRD90M)" "-"
66.249.66.91 - - [22/Jan/2019:04:00:44 +0330] "GET /filter/b656%2Cb703%2Cb32%2Cb67%2Cb226%2Cb41%2Cb598%2Cb168%2Cb723%2Cb597%2Cb88%2Cb548%2Cb6%2Cb679%2Cb215%2Cb105%2Cb194%2Cb74%2Cb542%2Cb35%2Cb113%2Cb820%2Cb574%2Cb442%2Cb880%2Cb645%2Cb724%2Cb118%2Cb482%2Cb400%2Cb95%2Cb135%2Cb249%2Cb435%2Cb221%2Cb523%2Cb854%2Cb126%2Cstexists%2Cb216%2Cb217%2Cb152%2Cb99%2Cb188%2Cb209%2Cb192%2Cb213%2Cb136%2Cb218%2Cb4%2Cb546%2Cb648?page=2 HTTP/1.1" 200 41132 "-" "Mozilla/5.0 (compatible; Googlebot/2.1; +http://www.google.com/bot.html)" "-"
66.249.66.91 - - [22/Jan/2019:04:00:44 +0330] "GET /image/27678?name=1.jpg&wh=200x200 HTTP/1.1" 200 94646 "-" "Googlebot-Image/1.0" "-"
130.185.74.243 - - [22/Jan/2019:04:00:45 +0330] "GET /filter/stexists,p8391,b236?page=6 HTTP/1.1" 200 30977 "-" "Mozilla/5.0 (Windows NT 6.1; rv:42.0) Gecko/20100101 Firefox/42.0" "-"
207.46.13.104 - - [22/Jan/2019:04:00:45 +0330] "GET /filter/p1%2Cb36%2Cb8%2Cp2%2Cb58%2Cp3%2Cb35 HTTP/1.1" 200 35866 "-" "Mozilla/5.0 (compatible; bingbot/2.0; +http://www.bing.com/bingbot.htm)" "-"
207.46.13.104 - - [22/Jan/2019:04:00:45 +0330] "GET /filter/b136%2Cb50%2Cb87%2Cp10%2Cb36 HTTP/1.1" 200 33855 "-" "Mozilla/5.0 (compatible; bingbot/2.0; +http://www.bing.com/bingbot.htm)" "-"
63.143.42.242 - - [22/Jan/2019:04:00:46 +0330] "HEAD / HTTP/1.1" 301 0 "http://www.zanbil.ir" "Mozilla/5.0+(compatible; UptimeRobot/2.0; http://www.uptimerobot.com/)" "-"
130.185.74.243 - - [22/Jan/2019:04:00:46 +0330] "GET /filter/stexists,p8392,b196 HTTP/1.1" 200 29710 "-" "Mozilla/5.0 (Windows NT 6.1; rv:42.0) Gecko/20100101 Firefox/42.0" "-"
66.249.66.194 - - [22/Jan/2019:04:00:46 +0330] "GET /m/filter/b32,p3 HTTP/1.1" 200 19341 "-" "Mozilla/5.0 (Linux; Android 6.0.1; Nexus 5X Build/MMB29P) AppleWebKit/537.36 (KHTML, like Gecko) Chrome/41.0.2272.96 Mobile Safari/537.36 (compatible; Googlebot/2.1; +http://www.google.com/bot.html)" "-"
5.211.97.39 - - [22/Jan/2019:04:00:47 +0330] "GET /m/filter/p9%2Ct453?name=%D8%A2%D8%A8%D9%85%DB%8C%D9%88%D9%87-%DA%AF%DB%8C%D8%B1%DB%8C&productType=juicer HTTP/1.1" 200 19489 "https://www.zanbil.ir/m/browse/juicer/%D8%A2%D8%A8%D9%85%DB%8C%D9%88%D9%87-%DA%AF%DB%8C%D8%B1%DB%8C" "Mozilla/5.0 (iPhone; CPU iPhone OS 10_3_2 like Mac OS X) AppleWebKit/603.2.4 (KHTML, like Gecko) Version/10.0 Mobile/14F89 Safari/602.1" "-"
63.143.42.242 - - [22/Jan/2019:04:00:47 +0330] "HEAD / HTTP/1.1" 200 0 "http://www.zanbil.ir" "Mozilla/5.0+(compatible; UptimeRobot/2.0; http://www.uptimerobot.com/)" "-"
5.211.97.39 - - [22/Jan/2019:04:00:47 +0330] "GET /settings/logo HTTP/1.1" 200 4120 "https://www.zanbil.ir/m/filter/p9%2Ct453?name=%D8%A2%D8%A8%D9%85%DB%8C%D9%88%D9%87-%DA%AF%DB%8C%D8%B1%DB%8C&productType=juicer" "Mozilla/5.0 (iPhone; CPU iPhone OS 10_3_2 like Mac OS X) AppleWebKit/603.2.4 (KHTML, like Gecko) Version/10.0 Mobile/14F89 Safari/602.1" "-"
207.46.13.136 - - [22/Jan/2019:04:00:47 +0330] "GET /filter/b1,b125,b140,b2,b36 HTTP/1.1" 200 37953 "-" "Mozilla/5.0 (compatible; bingbot/2.0; +http://www.bing.com/bingbot.htm)" "-"
5.211.97.39 - - [22/Jan/2019:04:00:47 +0330] "GET /image/64415/productModel/200x200 HTTP/1.1" 200 4220 "https://www.zanbil.ir/m/filter/p9%2Ct453?name=%D8%A2%D8%A8%D9%85%DB%8C%D9%88%D9%87-%DA%AF%DB%8C%D8%B1%DB%8C&productType=juicer" "Mozilla/5.0 (iPhone; CPU iPhone OS 10_3_2 like Mac OS X) AppleWebKit/603.2.4 (KHTML, like Gecko) Version/10.0 Mobile/14F89 Safari/602.1" "-"
5.211.97.39 - - [22/Jan/2019:04:00:47 +0330] "GET /image/63133/productModel/200x200 HTTP/1.1" 200 4480 "https://www.zanbil.ir/m/filter/p9%2Ct453?name=%D8%A2%D8%A8%D9%85%DB%8C%D9%88%D9%87-%DA%AF%DB%8C%D8%B1%DB%8C&productType=juicer" "Mozilla/5.0 (iPhone; CPU iPhone OS 10_3_2 like Mac OS X) AppleWebKit/603.2.4 (KHTML, like Gecko) Version/10.0 Mobile/14F89 Safari/602.1" "-"
5.211.97.39 - - [22/Jan/2019:04:00:47 +0330] "HEAD /amp_preconnect_polyfill_404_or_other_error_expected._Do_not_worry_about_it?1548117180000 HTTP/1.1" 404 0 "https://www.zanbil.ir/m/filter/p9%2Ct453?name=%D8%A2%D8%A8%D9%85%DB%8C%D9%88%D9%87-%DA%AF%DB%8C%D8%B1%DB%8C&productType=juicer" "Mozilla/5.0 (iPhone; CPU iPhone OS 10_3_2 like Mac OS X) AppleWebKit/603.2.4 (KHTML, like Gecko) Version/10.0 Mobile/14F89 Safari/602.1" "-"
5.211.97.39 - - [22/Jan/2019:04:00:47 +0330] "GET /image/63676/productModel/200x200 HTTP/1.1" 200 4993 "https://www.zanbil.ir/m/filter/p9%2Ct453?name=%D8%A2%D8%A8%D9%85%DB%8C%D9%88%D9%87-%DA%AF%DB%8C%D8%B1%DB%8C&productType=juicer" "Mozilla/5.0 (iPhone; CPU iPhone OS 10_3_2 like Mac OS X) AppleWebKit/603.2.4 (KHTML, like Gecko) Version/10.0 Mobile/14F89 Safari/602.1" "-"
5.211.97.39 - - [22/Jan/2019:04:00:47 +0330] "GET /image/7519/productModel/200x200 HTTP/1.1" 200 6164 "https://www.zanbil.ir/m/filter/p9%2Ct453?name=%D8%A2%D8%A8%D9%85%DB%8C%D9%88%D9%87-%DA%AF%DB%8C%D8%B1%DB%8C&productType=juicer" "Mozilla/5.0 (iPhone; CPU iPhone OS 10_3_2 like Mac OS X) AppleWebKit/603.2.4 (KHTML, like Gecko) Version/10.0 Mobile/14F89 Safari/602.1" "-"
5.211.97.39 - - [22/Jan/2019:04:00:47 +0330] "GET /image/62214/productModel/200x200 HTTP/1.1" 200 3869 "https://www.zanbil.ir/m/filter/p9%2Ct453?name=%D8%A2%D8%A8%D9%85%DB%8C%D9%88%D9%87-%DA%AF%DB%8C%D8%B1%DB%8C&productType=juicer" "Mozilla/5.0 (iPhone; CPU iPhone OS 10_3_2 like Mac OS X) AppleWebKit/603.2.4 (KHTML, like Gecko) Version/10.0 Mobile/14F89 Safari/602.1" "-"
130.185.74.243 - - [22/Jan/2019:04:00:47 +0330] "GET /filter/stexists,p8392,b196?page=1 HTTP/1.1" 200 29661 "-" "Mozilla/5.0 (Windows NT 6.1; rv:42.0) Gecko/20100101 Firefox/42.0" "-"
130.185.74.243 - - [22/Jan/2019:04:00:48 +0330] "GET /filter/stexists,p8391,b196 HTTP/1.1" 200 30958 "-" "Mozilla/5.0 (Windows NT 6.1; rv:42.0) Gecko/20100101 Firefox/42.0" "-"
5.160.157.20 - - [22/Jan/2019:04:00:48 +0330] "GET /filter?page=1&f=p17586 HTTP/1.1" 301 178 "-" "Mozilla/5.0 (Windows NT 5.1; rv:8.0) Gecko/20100101 Firefox/8.0" "-"
5.160.157.20 - - [22/Jan/2019:04:00:48 +0330] "GET /browse/Barcode%20Scanners HTTP/1.1" 301 178 "-" "Mozilla/5.0 (Windows NT 5.1; rv:8.0) Gecko/20100101 Firefox/8.0" "-"
66.249.66.194 - - [22/Jan/2019:04:00:49 +0330] "GET /m/browse/enamels/%D9%85%DB%8C%D9%86%D8%A7-%DA%A9%D8%A7%D8%B1%DB%8C HTTP/1.1" 200 16509 "-" "Mozilla/5.0 (Linux; Android 6.0.1; Nexus 5X Build/MMB29P) AppleWebKit/537.36 (KHTML, like Gecko) Chrome/41.0.2272.96 Mobile Safari/537.36 (compatible; Googlebot/2.1; +http://www.google.com/bot.html)" "-"
66.249.66.194 - - [22/Jan/2019:04:00:49 +0330] "GET /filter/b195,p8391 HTTP/1.1" 200 33077 "-" "Mozilla/5.0 (compatible; Googlebot/2.1; +http://www.google.com/bot.html)" "-"
5.211.97.39 - - [22/Jan/2019:04:00:50 +0330] "GET /image/60544/productModel/200x200 HTTP/1.1" 200 6112 "https://www.zanbil.ir/m/filter/p9%2Ct453?name=%D8%A2%D8%A8%D9%85%DB%8C%D9%88%D9%87-%DA%AF%DB%8C%D8%B1%DB%8C&productType=juicer" "Mozilla/5.0 (iPhone; CPU iPhone OS 10_3_2 like Mac OS X) AppleWebKit/603.2.4 (KHTML, like Gecko) Version/10.0 Mobile/14F89 Safari/602.1" "-"
207.46.13.104 - - [22/Jan/2019:04:00:50 +0330] "GET /filter/b1%2Cb171%2Cb277%2Cb343%2Cb36%2Cb226 HTTP/1.1" 200 37839 "-" "Mozilla/5.0 (compatible; bingbot/2.0; +http://www.bing.com/bingbot.htm)" "-"
66.249.66.194 - - [22/Jan/2019:04:00:50 +0330] "GET /m/browse/humidifier/%D8%AF%D8%B3%D8%AA%DA%AF%D8%A7%D9%87-%D8%A8%D8%AE%D9%88%D8%B1 HTTP/1.1" 200 18895 "-" "Mozilla/5.0 (Linux; Android 6.0.1; Nexus 5X Build/MMB29P) AppleWebKit/537.36 (KHTML, like Gecko) Chrome/41.0.2272.96 Mobile Safari/537.36 (compatible; Googlebot/2.1; +http://www.google.com/bot.html)" "-"
207.46.13.136 - - [22/Jan/2019:04:00:50 +0330] "GET /filter/b1,b103,b105,b109,b111,b148,b197,b441,b46,b74,b80,b854 HTTP/1.1" 200 38290 "-" "Mozilla/5.0 (compatible; bingbot/2.0; +http://www.bing.com/bingbot.htm)" "-"
66.249.66.194 - - [22/Jan/2019:04:00:51 +0330] "GET /m/product/31847/%D9%82%D9%87%D9%88%D9%87-%D8%B3%D8%A7%D8%B2-%D9%88-%D8%A7%D8%B3%D9%BE%D8%B1%D8%B3%D9%88-%D8%B3%D8%A7%D8%B2-%D8%AF%D9%84%D9%88%D9%86%DA%AF%DB%8C-%D9%85%D8%AF%D9%84-BCO-264 HTTP/1.1" 200 20668 "-" "Mozilla/5.0 (Linux; Android 6.0.1; Nexus 5X Build/MMB29P) AppleWebKit/537.36 (KHTML, like Gecko) Chrome/41.0.2272.96 Mobile Safari/537.36 (compatible; Googlebot/2.1; +http://www.google.com/bot.html)" "-"
130.185.74.243 - - [22/Jan/2019:04:00:51 +0330] "GET /filter/stexists,p8391,b196?page=1 HTTP/1.1" 200 31015 "-" "Mozilla/5.0 (Windows NT 6.1; rv:42.0) Gecko/20100101 Firefox/42.0" "-"
69.162.124.234 - - [22/Jan/2019:04:00:51 +0330] "HEAD / HTTP/1.1" 301 0 "http://Zanbil.ir" "Mozilla/5.0+(compatible; UptimeRobot/2.0; http://www.uptimerobot.com/)" "-"
54.36.148.217 - - [22/Jan/2019:04:00:51 +0330] "GET /filter/p44,v1|%D8%B2%D8%B1%D8%B4%DA%A9%DB%8C.,v1|%D9%85%D8%B4%DA%A9%DB%8C%20%D9%85%D8%AA%D8%A7%D9%84%DB%8C%DA%A9,v1|%DB%8C%D8%B4%D9%85%DB%8C HTTP/1.1" 200 33190 "-" "Mozilla/5.0 (compatible; AhrefsBot/6.1; +http://ahrefs.com/robot/)" "-"
5.211.97.39 - - [22/Jan/2019:04:00:52 +0330] "GET /m/filter/p9%2Ct453%2Cb103?name=%D8%A2%D8%A8%D9%85%DB%8C%D9%88%D9%87-%DA%AF%DB%8C%D8%B1%DB%8C&productType=juicer HTTP/1.1" 200 18531 "https://www.zanbil.ir/m/filter/p9%2Ct453?name=%D8%A2%D8%A8%D9%85%DB%8C%D9%88%D9%87-%DA%AF%DB%8C%D8%B1%DB%8C&productType=juicer" "Mozilla/5.0 (iPhone; CPU iPhone OS 10_3_2 like Mac OS X) AppleWebKit/603.2.4 (KHTML, like Gecko) Version/10.0 Mobile/14F89 Safari/602.1" "-"
5.211.97.39 - - [22/Jan/2019:04:00:52 +0330] "GET /settings/logo HTTP/1.1" 200 4120 "https://www.zanbil.ir/m/filter/p9%2Ct453%2Cb103?name=%D8%A2%D8%A8%D9%85%DB%8C%D9%88%D9%87-%DA%AF%DB%8C%D8%B1%DB%8C&productType=juicer" "Mozilla/5.0 (iPhone; CPU iPhone OS 10_3_2 like Mac OS X) AppleWebKit/603.2.4 (KHTML, like Gecko) Version/10.0 Mobile/14F89 Safari/602.1" "-"
5.211.97.39 - - [22/Jan/2019:04:00:52 +0330] "GET /image/62378/productModel/200x200 HTTP/1.1" 200 5045 "https://www.zanbil.ir/m/filter/p9%2Ct453%2Cb103?name=%D8%A2%D8%A8%D9%85%DB%8C%D9%88%D9%87-%DA%AF%DB%8C%D8%B1%DB%8C&productType=juicer" "Mozilla/5.0 (iPhone; CPU iPhone OS 10_3_2 like Mac OS X) AppleWebKit/603.2.4 (KHTML, like Gecko) Version/10.0 Mobile/14F89 Safari/602.1" "-"
54.36.148.161 - - [22/Jan/2019:04:00:52 +0330] "GET /filter/b2%2Cb35%2Cb36%2Cp6?o=v39 HTTP/1.1" 302 0 "-" "Mozilla/5.0 (compatible; AhrefsBot/6.1; +http://ahrefs.com/robot/)" "-"
5.211.97.39 - - [22/Jan/2019:04:00:52 +0330] "HEAD /amp_preconnect_polyfill_404_or_other_error_expected._Do_not_worry_about_it?1548117180000 HTTP/1.1" 404 0 "https://www.zanbil.ir/m/filter/p9%2Ct453%2Cb103?name=%D8%A2%D8%A8%D9%85%DB%8C%D9%88%D9%87-%DA%AF%DB%8C%D8%B1%DB%8C&productType=juicer" "Mozilla/5.0 (iPhone; CPU iPhone OS 10_3_2 like Mac OS X) AppleWebKit/603.2.4 (KHTML, like Gecko) Version/10.0 Mobile/14F89 Safari/602.1" "-"
5.211.97.39 - - [22/Jan/2019:04:00:52 +0330] "GET /image/52307/productModel/200x200 HTTP/1.1" 200 5277 "https://www.zanbil.ir/m/filter/p9%2Ct453%2Cb103?name=%D8%A2%D8%A8%D9%85%DB%8C%D9%88%D9%87-%DA%AF%DB%8C%D8%B1%DB%8C&productType=juicer" "Mozilla/5.0 (iPhone; CPU iPhone OS 10_3_2 like Mac OS X) AppleWebKit/603.2.4 (KHTML, like Gecko) Version/10.0 Mobile/14F89 Safari/602.1" "-"
66.111.54.249 - - [22/Jan/2019:04:00:52 +0330] "GET /m/filter/p3?page=4 HTTP/1.1" 200 20233 "https://www.zanbil.ir/m/filter/p3?page=3" "Mozilla/5.0 (Linux; Android 5.0; SM-G900H Build/LRX21T) AppleWebKit/537.36 (KHTML, like Gecko) Chrome/39.0.2171.93 Mobile Safari/537.36" "-"
69.162.124.234 - - [22/Jan/2019:04:00:52 +0330] "HEAD / HTTP/1.1" 200 0 "http://Zanbil.ir" "Mozilla/5.0+(compatible; UptimeRobot/2.0; http://www.uptimerobot.com/)" "-"
54.36.149.106 - - [22/Jan/2019:04:00:52 +0330] "GET /filter/b3,p5713,v1|%D8%B3%D9%81%DB%8C%D8%AF,v1|%D8%B3%D9%81%DB%8C%D8%AF. HTTP/1.1" 200 31827 "-" "Mozilla/5.0 (compatible; AhrefsBot/6.1; +http://ahrefs.com/robot/)" "-"
66.249.66.194 - - [22/Jan/2019:04:00:52 +0330] "GET /event/Samsung-LG-Offer HTTP/1.1" 302 0 "-" "Mozilla/5.0 (Linux; Android 6.0.1; Nexus 5X Build/MMB29P) AppleWebKit/537.36 (KHTML, like Gecko) Chrome/41.0.2272.96 Mobile Safari/537.36 (compatible; Googlebot/2.1; +http://www.google.com/bot.html)" "-"
